// Jest Snapshot v1, https://goo.gl/fbAQLP

exports[`Footer Empty matches snapshot 1`] = `
ShallowWrapper {
  "length": 1,
  Symbol(enzyme.__root__): [Circular],
  Symbol(enzyme.__unrendered__): <Footer />,
  Symbol(enzyme.__renderer__): Object {
    "batchedUpdates": [Function],
    "getNode": [Function],
    "render": [Function],
    "simulateEvent": [Function],
    "unmount": [Function],
  },
  Symbol(enzyme.__node__): Object {
    "instance": null,
    "key": undefined,
    "nodeType": "host",
    "props": Object {
      "children": <div>
        <div
                className="Footer-Links"
        >
                <a
                        href="dashboard"
                >
                        About us
                </a>
                <a
                        href="dashboard"
                >
                        Products
                </a>
                <a
                        href="dashboard"
                >
                        Awards
                </a>
                <a
                        href="dashboard"
                >
                        Help
                </a>
                <a
                        href="dashboard"
                >
                        Contact
                </a>
        </div>
        <div
                className="Footer-Information"
        >
                <p>
                        Sed ut perspiciatis unde omnis iste natus error sit voluptatem accusantium doloremque laudantium, totam rem aperiam, eaque ipsa quae ab illo inventore veritatis et quasi architecto beatae vitae dicta sunt explicabo. Nemo enim ipsam voluptatem quia voluptas sit aspernatur aut odit aut fugit, sed quia consequuntur.
                </p>
        </div>
        <div
                className="Footer-Social"
        >
                <a
                        href="www.google.com"
                >
                        <i
                                className="fab fa-facebook-f"
                        />
                </a>
                <a
                        href="www.google.com"
                >
                        <i
                                className="fab fa-twitter"
                        />
                </a>
                <a
                        href="www.google.com"
                >
                        <i
                                className="fab fa-google-plus-g"
                        />
                </a>
                <a
                        href="www.google.com"
                >
                        <i
                                className="fab fa-linkedin-in"
                        />
                </a>
                <a
                        href="www.google.com"
                >
                        <i
                                className="fab fa-instagram"
                        />
                </a>
                <a
                        href="www.google.com"
                >
                        <i
                                className="fab fa-pinterest"
                        />
                </a>
        </div>
        <div
                className="Footer-Copyright"
        >
                <span>
                        © 2018 Copyright
                </span>
        </div>
</div>,
      "className": "Footer-Container",
    },
    "ref": null,
    "rendered": Object {
      "instance": null,
      "key": undefined,
      "nodeType": "host",
      "props": Object {
        "children": Array [
          <div
            className="Footer-Links"
>
            <a
                        href="dashboard"
            >
                        About us
            </a>
            <a
                        href="dashboard"
            >
                        Products
            </a>
            <a
                        href="dashboard"
            >
                        Awards
            </a>
            <a
                        href="dashboard"
            >
                        Help
            </a>
            <a
                        href="dashboard"
            >
                        Contact
            </a>
</div>,
          <div
            className="Footer-Information"
>
            <p>
                        Sed ut perspiciatis unde omnis iste natus error sit voluptatem accusantium doloremque laudantium, totam rem aperiam, eaque ipsa quae ab illo inventore veritatis et quasi architecto beatae vitae dicta sunt explicabo. Nemo enim ipsam voluptatem quia voluptas sit aspernatur aut odit aut fugit, sed quia consequuntur.
            </p>
</div>,
          <div
            className="Footer-Social"
>
            <a
                        href="www.google.com"
            >
                        <i
                                    className="fab fa-facebook-f"
                        />
            </a>
            <a
                        href="www.google.com"
            >
                        <i
                                    className="fab fa-twitter"
                        />
            </a>
            <a
                        href="www.google.com"
            >
                        <i
                                    className="fab fa-google-plus-g"
                        />
            </a>
            <a
                        href="www.google.com"
            >
                        <i
                                    className="fab fa-linkedin-in"
                        />
            </a>
            <a
                        href="www.google.com"
            >
                        <i
                                    className="fab fa-instagram"
                        />
            </a>
            <a
                        href="www.google.com"
            >
                        <i
                                    className="fab fa-pinterest"
                        />
            </a>
</div>,
          <div
            className="Footer-Copyright"
>
            <span>
                        © 2018 Copyright
            </span>
</div>,
        ],
      },
      "ref": null,
      "rendered": Array [
        Object {
          "instance": null,
          "key": undefined,
          "nodeType": "host",
          "props": Object {
            "children": Array [
              <a
                href="dashboard"
>
                About us
</a>,
              <a
                href="dashboard"
>
                Products
</a>,
              <a
                href="dashboard"
>
                Awards
</a>,
              <a
                href="dashboard"
>
                Help
</a>,
              <a
                href="dashboard"
>
                Contact
</a>,
            ],
            "className": "Footer-Links",
          },
          "ref": null,
          "rendered": Array [
            Object {
              "instance": null,
              "key": undefined,
              "nodeType": "host",
              "props": Object {
                "children": "About us",
                "href": "dashboard",
              },
              "ref": null,
              "rendered": "About us",
              "type": "a",
            },
            Object {
              "instance": null,
              "key": undefined,
              "nodeType": "host",
              "props": Object {
                "children": "Products",
                "href": "dashboard",
              },
              "ref": null,
              "rendered": "Products",
              "type": "a",
            },
            Object {
              "instance": null,
              "key": undefined,
              "nodeType": "host",
              "props": Object {
                "children": "Awards",
                "href": "dashboard",
              },
              "ref": null,
              "rendered": "Awards",
              "type": "a",
            },
            Object {
              "instance": null,
              "key": undefined,
              "nodeType": "host",
              "props": Object {
                "children": "Help",
                "href": "dashboard",
              },
              "ref": null,
              "rendered": "Help",
              "type": "a",
            },
            Object {
              "instance": null,
              "key": undefined,
              "nodeType": "host",
              "props": Object {
                "children": "Contact",
                "href": "dashboard",
              },
              "ref": null,
              "rendered": "Contact",
              "type": "a",
            },
          ],
          "type": "div",
        },
        Object {
          "instance": null,
          "key": undefined,
          "nodeType": "host",
          "props": Object {
            "children": <p>
              Sed ut perspiciatis unde omnis iste natus error sit voluptatem accusantium doloremque laudantium, totam rem aperiam, eaque ipsa quae ab illo inventore veritatis et quasi architecto beatae vitae dicta sunt explicabo. Nemo enim ipsam voluptatem quia voluptas sit aspernatur aut odit aut fugit, sed quia consequuntur.
</p>,
            "className": "Footer-Information",
          },
          "ref": null,
          "rendered": Object {
            "instance": null,
            "key": undefined,
            "nodeType": "host",
            "props": Object {
              "children": "Sed ut perspiciatis unde omnis iste natus error sit voluptatem accusantium doloremque laudantium, totam rem aperiam, eaque ipsa quae ab illo inventore veritatis et quasi architecto beatae vitae dicta sunt explicabo. Nemo enim ipsam voluptatem quia voluptas sit aspernatur aut odit aut fugit, sed quia consequuntur.",
            },
            "ref": null,
            "rendered": "Sed ut perspiciatis unde omnis iste natus error sit voluptatem accusantium doloremque laudantium, totam rem aperiam, eaque ipsa quae ab illo inventore veritatis et quasi architecto beatae vitae dicta sunt explicabo. Nemo enim ipsam voluptatem quia voluptas sit aspernatur aut odit aut fugit, sed quia consequuntur.",
            "type": "p",
          },
          "type": "div",
        },
        Object {
          "instance": null,
          "key": undefined,
          "nodeType": "host",
          "props": Object {
            "children": Array [
              <a
                href="www.google.com"
>
                <i
                                className="fab fa-facebook-f"
                />
</a>,
              <a
                href="www.google.com"
>
                <i
                                className="fab fa-twitter"
                />
</a>,
              <a
                href="www.google.com"
>
                <i
                                className="fab fa-google-plus-g"
                />
</a>,
              <a
                href="www.google.com"
>
                <i
                                className="fab fa-linkedin-in"
                />
</a>,
              <a
                href="www.google.com"
>
                <i
                                className="fab fa-instagram"
                />
</a>,
              <a
                href="www.google.com"
>
                <i
                                className="fab fa-pinterest"
                />
</a>,
            ],
            "className": "Footer-Social",
          },
          "ref": null,
          "rendered": Array [
            Object {
              "instance": null,
              "key": undefined,
              "nodeType": "host",
              "props": Object {
                "children": <i
                  className="fab fa-facebook-f"
/>,
                "href": "www.google.com",
              },
              "ref": null,
              "rendered": Object {
                "instance": null,
                "key": undefined,
                "nodeType": "host",
                "props": Object {
                  "className": "fab fa-facebook-f",
                },
                "ref": null,
                "rendered": null,
                "type": "i",
              },
              "type": "a",
            },
            Object {
              "instance": null,
              "key": undefined,
              "nodeType": "host",
              "props": Object {
                "children": <i
                  className="fab fa-twitter"
/>,
                "href": "www.google.com",
              },
              "ref": null,
              "rendered": Object {
                "instance": null,
                "key": undefined,
                "nodeType": "host",
                "props": Object {
                  "className": "fab fa-twitter",
                },
                "ref": null,
                "rendered": null,
                "type": "i",
              },
              "type": "a",
            },
            Object {
              "instance": null,
              "key": undefined,
              "nodeType": "host",
              "props": Object {
                "children": <i
                  className="fab fa-google-plus-g"
/>,
                "href": "www.google.com",
              },
              "ref": null,
              "rendered": Object {
                "instance": null,
                "key": undefined,
                "nodeType": "host",
                "props": Object {
                  "className": "fab fa-google-plus-g",
                },
                "ref": null,
                "rendered": null,
                "type": "i",
              },
              "type": "a",
            },
            Object {
              "instance": null,
              "key": undefined,
              "nodeType": "host",
              "props": Object {
                "children": <i
                  className="fab fa-linkedin-in"
/>,
                "href": "www.google.com",
              },
              "ref": null,
              "rendered": Object {
                "instance": null,
                "key": undefined,
                "nodeType": "host",
                "props": Object {
                  "className": "fab fa-linkedin-in",
                },
                "ref": null,
                "rendered": null,
                "type": "i",
              },
              "type": "a",
            },
            Object {
              "instance": null,
              "key": undefined,
              "nodeType": "host",
              "props": Object {
                "children": <i
                  className="fab fa-instagram"
/>,
                "href": "www.google.com",
              },
              "ref": null,
              "rendered": Object {
                "instance": null,
                "key": undefined,
                "nodeType": "host",
                "props": Object {
                  "className": "fab fa-instagram",
                },
                "ref": null,
                "rendered": null,
                "type": "i",
              },
              "type": "a",
            },
            Object {
              "instance": null,
              "key": undefined,
              "nodeType": "host",
              "props": Object {
                "children": <i
                  className="fab fa-pinterest"
/>,
                "href": "www.google.com",
              },
              "ref": null,
              "rendered": Object {
                "instance": null,
                "key": undefined,
                "nodeType": "host",
                "props": Object {
                  "className": "fab fa-pinterest",
                },
                "ref": null,
                "rendered": null,
                "type": "i",
              },
              "type": "a",
            },
          ],
          "type": "div",
        },
        Object {
          "instance": null,
          "key": undefined,
          "nodeType": "host",
          "props": Object {
            "children": <span>
              © 2018 Copyright
</span>,
            "className": "Footer-Copyright",
          },
          "ref": null,
          "rendered": Object {
            "instance": null,
            "key": undefined,
            "nodeType": "host",
            "props": Object {
              "children": "© 2018 Copyright",
            },
            "ref": null,
            "rendered": "© 2018 Copyright",
            "type": "span",
          },
          "type": "div",
        },
      ],
      "type": "div",
    },
    "type": "footer",
  },
  Symbol(enzyme.__nodes__): Array [
    Object {
      "instance": null,
      "key": undefined,
      "nodeType": "host",
      "props": Object {
        "children": <div>
          <div
                    className="Footer-Links"
          >
                    <a
                              href="dashboard"
                    >
                              About us
                    </a>
                    <a
                              href="dashboard"
                    >
                              Products
                    </a>
                    <a
                              href="dashboard"
                    >
                              Awards
                    </a>
                    <a
                              href="dashboard"
                    >
                              Help
                    </a>
                    <a
                              href="dashboard"
                    >
                              Contact
                    </a>
          </div>
          <div
                    className="Footer-Information"
          >
                    <p>
                              Sed ut perspiciatis unde omnis iste natus error sit voluptatem accusantium doloremque laudantium, totam rem aperiam, eaque ipsa quae ab illo inventore veritatis et quasi architecto beatae vitae dicta sunt explicabo. Nemo enim ipsam voluptatem quia voluptas sit aspernatur aut odit aut fugit, sed quia consequuntur.
                    </p>
          </div>
          <div
                    className="Footer-Social"
          >
                    <a
                              href="www.google.com"
                    >
                              <i
                                        className="fab fa-facebook-f"
                              />
                    </a>
                    <a
                              href="www.google.com"
                    >
                              <i
                                        className="fab fa-twitter"
                              />
                    </a>
                    <a
                              href="www.google.com"
                    >
                              <i
                                        className="fab fa-google-plus-g"
                              />
                    </a>
                    <a
                              href="www.google.com"
                    >
                              <i
                                        className="fab fa-linkedin-in"
                              />
                    </a>
                    <a
                              href="www.google.com"
                    >
                              <i
                                        className="fab fa-instagram"
                              />
                    </a>
                    <a
                              href="www.google.com"
                    >
                              <i
                                        className="fab fa-pinterest"
                              />
                    </a>
          </div>
          <div
                    className="Footer-Copyright"
          >
                    <span>
                              © 2018 Copyright
                    </span>
          </div>
</div>,
        "className": "Footer-Container",
      },
      "ref": null,
      "rendered": Object {
        "instance": null,
        "key": undefined,
        "nodeType": "host",
        "props": Object {
          "children": Array [
            <div
              className="Footer-Links"
>
              <a
                            href="dashboard"
              >
                            About us
              </a>
              <a
                            href="dashboard"
              >
                            Products
              </a>
              <a
                            href="dashboard"
              >
                            Awards
              </a>
              <a
                            href="dashboard"
              >
                            Help
              </a>
              <a
                            href="dashboard"
              >
                            Contact
              </a>
</div>,
            <div
              className="Footer-Information"
>
              <p>
                            Sed ut perspiciatis unde omnis iste natus error sit voluptatem accusantium doloremque laudantium, totam rem aperiam, eaque ipsa quae ab illo inventore veritatis et quasi architecto beatae vitae dicta sunt explicabo. Nemo enim ipsam voluptatem quia voluptas sit aspernatur aut odit aut fugit, sed quia consequuntur.
              </p>
</div>,
            <div
              className="Footer-Social"
>
              <a
                            href="www.google.com"
              >
                            <i
                                          className="fab fa-facebook-f"
                            />
              </a>
              <a
                            href="www.google.com"
              >
                            <i
                                          className="fab fa-twitter"
                            />
              </a>
              <a
                            href="www.google.com"
              >
                            <i
                                          className="fab fa-google-plus-g"
                            />
              </a>
              <a
                            href="www.google.com"
              >
                            <i
                                          className="fab fa-linkedin-in"
                            />
              </a>
              <a
                            href="www.google.com"
              >
                            <i
                                          className="fab fa-instagram"
                            />
              </a>
              <a
                            href="www.google.com"
              >
                            <i
                                          className="fab fa-pinterest"
                            />
              </a>
</div>,
            <div
              className="Footer-Copyright"
>
              <span>
                            © 2018 Copyright
              </span>
</div>,
          ],
        },
        "ref": null,
        "rendered": Array [
          Object {
            "instance": null,
            "key": undefined,
            "nodeType": "host",
            "props": Object {
              "children": Array [
                <a
                  href="dashboard"
>
                  About us
</a>,
                <a
                  href="dashboard"
>
                  Products
</a>,
                <a
                  href="dashboard"
>
                  Awards
</a>,
                <a
                  href="dashboard"
>
                  Help
</a>,
                <a
                  href="dashboard"
>
                  Contact
</a>,
              ],
              "className": "Footer-Links",
            },
            "ref": null,
            "rendered": Array [
              Object {
                "instance": null,
                "key": undefined,
                "nodeType": "host",
                "props": Object {
                  "children": "About us",
                  "href": "dashboard",
                },
                "ref": null,
                "rendered": "About us",
                "type": "a",
              },
              Object {
                "instance": null,
                "key": undefined,
                "nodeType": "host",
                "props": Object {
                  "children": "Products",
                  "href": "dashboard",
                },
                "ref": null,
                "rendered": "Products",
                "type": "a",
              },
              Object {
                "instance": null,
                "key": undefined,
                "nodeType": "host",
                "props": Object {
                  "children": "Awards",
                  "href": "dashboard",
                },
                "ref": null,
                "rendered": "Awards",
                "type": "a",
              },
              Object {
                "instance": null,
                "key": undefined,
                "nodeType": "host",
                "props": Object {
                  "children": "Help",
                  "href": "dashboard",
                },
                "ref": null,
                "rendered": "Help",
                "type": "a",
              },
              Object {
                "instance": null,
                "key": undefined,
                "nodeType": "host",
                "props": Object {
                  "children": "Contact",
                  "href": "dashboard",
                },
                "ref": null,
                "rendered": "Contact",
                "type": "a",
              },
            ],
            "type": "div",
          },
          Object {
            "instance": null,
            "key": undefined,
            "nodeType": "host",
            "props": Object {
              "children": <p>
                Sed ut perspiciatis unde omnis iste natus error sit voluptatem accusantium doloremque laudantium, totam rem aperiam, eaque ipsa quae ab illo inventore veritatis et quasi architecto beatae vitae dicta sunt explicabo. Nemo enim ipsam voluptatem quia voluptas sit aspernatur aut odit aut fugit, sed quia consequuntur.
</p>,
              "className": "Footer-Information",
            },
            "ref": null,
            "rendered": Object {
              "instance": null,
              "key": undefined,
              "nodeType": "host",
              "props": Object {
                "children": "Sed ut perspiciatis unde omnis iste natus error sit voluptatem accusantium doloremque laudantium, totam rem aperiam, eaque ipsa quae ab illo inventore veritatis et quasi architecto beatae vitae dicta sunt explicabo. Nemo enim ipsam voluptatem quia voluptas sit aspernatur aut odit aut fugit, sed quia consequuntur.",
              },
              "ref": null,
              "rendered": "Sed ut perspiciatis unde omnis iste natus error sit voluptatem accusantium doloremque laudantium, totam rem aperiam, eaque ipsa quae ab illo inventore veritatis et quasi architecto beatae vitae dicta sunt explicabo. Nemo enim ipsam voluptatem quia voluptas sit aspernatur aut odit aut fugit, sed quia consequuntur.",
              "type": "p",
            },
            "type": "div",
          },
          Object {
            "instance": null,
            "key": undefined,
            "nodeType": "host",
            "props": Object {
              "children": Array [
                <a
                  href="www.google.com"
>
                  <i
                                    className="fab fa-facebook-f"
                  />
</a>,
                <a
                  href="www.google.com"
>
                  <i
                                    className="fab fa-twitter"
                  />
</a>,
                <a
                  href="www.google.com"
>
                  <i
                                    className="fab fa-google-plus-g"
                  />
</a>,
                <a
                  href="www.google.com"
>
                  <i
                                    className="fab fa-linkedin-in"
                  />
</a>,
                <a
                  href="www.google.com"
>
                  <i
                                    className="fab fa-instagram"
                  />
</a>,
                <a
                  href="www.google.com"
>
                  <i
                                    className="fab fa-pinterest"
                  />
</a>,
              ],
              "className": "Footer-Social",
            },
            "ref": null,
            "rendered": Array [
              Object {
                "instance": null,
                "key": undefined,
                "nodeType": "host",
                "props": Object {
                  "children": <i
                    className="fab fa-facebook-f"
/>,
                  "href": "www.google.com",
                },
                "ref": null,
                "rendered": Object {
                  "instance": null,
                  "key": undefined,
                  "nodeType": "host",
                  "props": Object {
                    "className": "fab fa-facebook-f",
                  },
                  "ref": null,
                  "rendered": null,
                  "type": "i",
                },
                "type": "a",
              },
              Object {
                "instance": null,
                "key": undefined,
                "nodeType": "host",
                "props": Object {
                  "children": <i
                    className="fab fa-twitter"
/>,
                  "href": "www.google.com",
                },
                "ref": null,
                "rendered": Object {
                  "instance": null,
                  "key": undefined,
                  "nodeType": "host",
                  "props": Object {
                    "className": "fab fa-twitter",
                  },
                  "ref": null,
                  "rendered": null,
                  "type": "i",
                },
                "type": "a",
              },
              Object {
                "instance": null,
                "key": undefined,
                "nodeType": "host",
                "props": Object {
                  "children": <i
                    className="fab fa-google-plus-g"
/>,
                  "href": "www.google.com",
                },
                "ref": null,
                "rendered": Object {
                  "instance": null,
                  "key": undefined,
                  "nodeType": "host",
                  "props": Object {
                    "className": "fab fa-google-plus-g",
                  },
                  "ref": null,
                  "rendered": null,
                  "type": "i",
                },
                "type": "a",
              },
              Object {
                "instance": null,
                "key": undefined,
                "nodeType": "host",
                "props": Object {
                  "children": <i
                    className="fab fa-linkedin-in"
/>,
                  "href": "www.google.com",
                },
                "ref": null,
                "rendered": Object {
                  "instance": null,
                  "key": undefined,
                  "nodeType": "host",
                  "props": Object {
                    "className": "fab fa-linkedin-in",
                  },
                  "ref": null,
                  "rendered": null,
                  "type": "i",
                },
                "type": "a",
              },
              Object {
                "instance": null,
                "key": undefined,
                "nodeType": "host",
                "props": Object {
                  "children": <i
                    className="fab fa-instagram"
/>,
                  "href": "www.google.com",
                },
                "ref": null,
                "rendered": Object {
                  "instance": null,
                  "key": undefined,
                  "nodeType": "host",
                  "props": Object {
                    "className": "fab fa-instagram",
                  },
                  "ref": null,
                  "rendered": null,
                  "type": "i",
                },
                "type": "a",
              },
              Object {
                "instance": null,
                "key": undefined,
                "nodeType": "host",
                "props": Object {
                  "children": <i
                    className="fab fa-pinterest"
/>,
                  "href": "www.google.com",
                },
                "ref": null,
                "rendered": Object {
                  "instance": null,
                  "key": undefined,
                  "nodeType": "host",
                  "props": Object {
                    "className": "fab fa-pinterest",
                  },
                  "ref": null,
                  "rendered": null,
                  "type": "i",
                },
                "type": "a",
              },
            ],
            "type": "div",
          },
          Object {
            "instance": null,
            "key": undefined,
            "nodeType": "host",
            "props": Object {
              "children": <span>
                © 2018 Copyright
</span>,
              "className": "Footer-Copyright",
            },
            "ref": null,
            "rendered": Object {
              "instance": null,
              "key": undefined,
              "nodeType": "host",
              "props": Object {
                "children": "© 2018 Copyright",
              },
              "ref": null,
              "rendered": "© 2018 Copyright",
              "type": "span",
            },
            "type": "div",
          },
        ],
        "type": "div",
      },
      "type": "footer",
    },
  ],
  Symbol(enzyme.__options__): Object {
    "adapter": ReactSixteenAdapter {
      "options": Object {
        "enableComponentDidUpdateOnSetState": true,
      },
    },
  },
}
`;
